in_source_code: |
  _start:

  XOR %R0, %R0, %R0
  XOR %R1, %R1, %R1
  ADDI %R1, %R1, 1

  LOOP:
  IN %R1
  BEQ %R1, %R0, LOOP_END
  OUT %R1
  BEQ %R0, %R0, LOOP
  LOOP_END:

  HLT
in_input_data: "where am I?"
in_output_format: str
in_log_level: DEBUG
out_output: |
  instructions: 8
  ============
  where am I?
out_compiled: |-
  {
    "start": 0,
    "program": [
      [
        7,
        0,
        0,
        0
      ],
      [
        7,
        1,
        1,
        1
      ],
      [
        2,
        1,
        1,
        1
      ],
      [
        11,
        1
      ],
      [
        13,
        1,
        0,
        7
      ],
      [
        12,
        1
      ],
      [
        13,
        0,
        0,
        3
      ],
      [
        0
      ]
    ]
  }
out_log: |-
  DEBUG	machine:exec_program	IP=  0 ADDR=  0 MEM=     7 R0=   0 R1=   0 R2=   0 R3=   0 R4=   0 R5=   0 R6=   0 R7=   0 XOR %R0, %R0, %R0
  DEBUG	machine:exec_program	IP=  1 ADDR=  0 MEM=     7 R0=   0 R1=   0 R2=   0 R3=   0 R4=   0 R5=   0 R6=   0 R7=   0 XOR %R1, %R1, %R1
  DEBUG	machine:exec_program	IP=  2 ADDR=  0 MEM=     7 R0=   0 R1=   0 R2=   0 R3=   0 R4=   0 R5=   0 R6=   0 R7=   0 ADDI %R1, %R1, 1
  DEBUG	machine:exec_program	IP=  3 ADDR=  0 MEM=     7 R0=   0 R1=   1 R2=   0 R3=   0 R4=   0 R5=   0 R6=   0 R7=   0 IN %R1
  DEBUG	machine:exec_program	IP=  4 ADDR=  0 MEM=     7 R0=   0 R1= 119 R2=   0 R3=   0 R4=   0 R5=   0 R6=   0 R7=   0 BEQ %R1, %R0, 7
  DEBUG	machine:exec_program	IP=  5 ADDR=  0 MEM=     7 R0=   0 R1= 119 R2=   0 R3=   0 R4=   0 R5=   0 R6=   0 R7=   0 OUT %R1
  DEBUG	machine:signal_output	sent to output: 119 ('w')
  DEBUG	machine:exec_program	IP=  6 ADDR=  0 MEM=     7 R0=   0 R1= 119 R2=   0 R3=   0 R4=   0 R5=   0 R6=   0 R7=   0 BEQ %R0, %R0, 3
  DEBUG	machine:exec_program	IP=  3 ADDR=  0 MEM=     7 R0=   0 R1= 119 R2=   0 R3=   0 R4=   0 R5=   0 R6=   0 R7=   0 IN %R1
  DEBUG	machine:exec_program	IP=  4 ADDR=  0 MEM=     7 R0=   0 R1= 104 R2=   0 R3=   0 R4=   0 R5=   0 R6=   0 R7=   0 BEQ %R1, %R0, 7
  DEBUG	machine:exec_program	IP=  5 ADDR=  0 MEM=     7 R0=   0 R1= 104 R2=   0 R3=   0 R4=   0 R5=   0 R6=   0 R7=   0 OUT %R1
  DEBUG	machine:signal_output	sent to output: 104 ('h')
  DEBUG	machine:exec_program	IP=  6 ADDR=  0 MEM=     7 R0=   0 R1= 104 R2=   0 R3=   0 R4=   0 R5=   0 R6=   0 R7=   0 BEQ %R0, %R0, 3
  DEBUG	machine:exec_program	IP=  3 ADDR=  0 MEM=     7 R0=   0 R1= 104 R2=   0 R3=   0 R4=   0 R5=   0 R6=   0 R7=   0 IN %R1
  DEBUG	machine:exec_program	IP=  4 ADDR=  0 MEM=     7 R0=   0 R1= 101 R2=   0 R3=   0 R4=   0 R5=   0 R6=   0 R7=   0 BEQ %R1, %R0, 7
  DEBUG	machine:exec_program	IP=  5 ADDR=  0 MEM=     7 R0=   0 R1= 101 R2=   0 R3=   0 R4=   0 R5=   0 R6=   0 R7=   0 OUT %R1
  DEBUG	machine:signal_output	sent to output: 101 ('e')
  DEBUG	machine:exec_program	IP=  6 ADDR=  0 MEM=     7 R0=   0 R1= 101 R2=   0 R3=   0 R4=   0 R5=   0 R6=   0 R7=   0 BEQ %R0, %R0, 3
  DEBUG	machine:exec_program	IP=  3 ADDR=  0 MEM=     7 R0=   0 R1= 101 R2=   0 R3=   0 R4=   0 R5=   0 R6=   0 R7=   0 IN %R1
  DEBUG	machine:exec_program	IP=  4 ADDR=  0 MEM=     7 R0=   0 R1= 114 R2=   0 R3=   0 R4=   0 R5=   0 R6=   0 R7=   0 BEQ %R1, %R0, 7
  DEBUG	machine:exec_program	IP=  5 ADDR=  0 MEM=     7 R0=   0 R1= 114 R2=   0 R3=   0 R4=   0 R5=   0 R6=   0 R7=   0 OUT %R1
  DEBUG	machine:signal_output	sent to output: 114 ('r')
  DEBUG	machine:exec_program	IP=  6 ADDR=  0 MEM=     7 R0=   0 R1= 114 R2=   0 R3=   0 R4=   0 R5=   0 R6=   0 R7=   0 BEQ %R0, %R0, 3
  DEBUG	machine:exec_program	IP=  3 ADDR=  0 MEM=     7 R0=   0 R1= 114 R2=   0 R3=   0 R4=   0 R5=   0 R6=   0 R7=   0 IN %R1
  DEBUG	machine:exec_program	IP=  4 ADDR=  0 MEM=     7 R0=   0 R1= 101 R2=   0 R3=   0 R4=   0 R5=   0 R6=   0 R7=   0 BEQ %R1, %R0, 7
  DEBUG	machine:exec_program	IP=  5 ADDR=  0 MEM=     7 R0=   0 R1= 101 R2=   0 R3=   0 R4=   0 R5=   0 R6=   0 R7=   0 OUT %R1
  DEBUG	machine:signal_output	sent to output: 101 ('e')
  DEBUG	machine:exec_program	IP=  6 ADDR=  0 MEM=     7 R0=   0 R1= 101 R2=   0 R3=   0 R4=   0 R5=   0 R6=   0 R7=   0 BEQ %R0, %R0, 3
  DEBUG	machine:exec_program	IP=  3 ADDR=  0 MEM=     7 R0=   0 R1= 101 R2=   0 R3=   0 R4=   0 R5=   0 R6=   0 R7=   0 IN %R1
  DEBUG	machine:exec_program	IP=  4 ADDR=  0 MEM=     7 R0=   0 R1=  32 R2=   0 R3=   0 R4=   0 R5=   0 R6=   0 R7=   0 BEQ %R1, %R0, 7
  DEBUG	machine:exec_program	IP=  5 ADDR=  0 MEM=     7 R0=   0 R1=  32 R2=   0 R3=   0 R4=   0 R5=   0 R6=   0 R7=   0 OUT %R1
  DEBUG	machine:signal_output	sent to output: 32 (' ')
  DEBUG	machine:exec_program	IP=  6 ADDR=  0 MEM=     7 R0=   0 R1=  32 R2=   0 R3=   0 R4=   0 R5=   0 R6=   0 R7=   0 BEQ %R0, %R0, 3
  DEBUG	machine:exec_program	IP=  3 ADDR=  0 MEM=     7 R0=   0 R1=  32 R2=   0 R3=   0 R4=   0 R5=   0 R6=   0 R7=   0 IN %R1
  DEBUG	machine:exec_program	IP=  4 ADDR=  0 MEM=     7 R0=   0 R1=  97 R2=   0 R3=   0 R4=   0 R5=   0 R6=   0 R7=   0 BEQ %R1, %R0, 7
  DEBUG	machine:exec_program	IP=  5 ADDR=  0 MEM=     7 R0=   0 R1=  97 R2=   0 R3=   0 R4=   0 R5=   0 R6=   0 R7=   0 OUT %R1
  DEBUG	machine:signal_output	sent to output: 97 ('a')
  DEBUG	machine:exec_program	IP=  6 ADDR=  0 MEM=     7 R0=   0 R1=  97 R2=   0 R3=   0 R4=   0 R5=   0 R6=   0 R7=   0 BEQ %R0, %R0, 3
  DEBUG	machine:exec_program	IP=  3 ADDR=  0 MEM=     7 R0=   0 R1=  97 R2=   0 R3=   0 R4=   0 R5=   0 R6=   0 R7=   0 IN %R1
  DEBUG	machine:exec_program	IP=  4 ADDR=  0 MEM=     7 R0=   0 R1= 109 R2=   0 R3=   0 R4=   0 R5=   0 R6=   0 R7=   0 BEQ %R1, %R0, 7
  DEBUG	machine:exec_program	IP=  5 ADDR=  0 MEM=     7 R0=   0 R1= 109 R2=   0 R3=   0 R4=   0 R5=   0 R6=   0 R7=   0 OUT %R1
  DEBUG	machine:signal_output	sent to output: 109 ('m')
  DEBUG	machine:exec_program	IP=  6 ADDR=  0 MEM=     7 R0=   0 R1= 109 R2=   0 R3=   0 R4=   0 R5=   0 R6=   0 R7=   0 BEQ %R0, %R0, 3
  DEBUG	machine:exec_program	IP=  3 ADDR=  0 MEM=     7 R0=   0 R1= 109 R2=   0 R3=   0 R4=   0 R5=   0 R6=   0 R7=   0 IN %R1
  DEBUG	machine:exec_program	IP=  4 ADDR=  0 MEM=     7 R0=   0 R1=  32 R2=   0 R3=   0 R4=   0 R5=   0 R6=   0 R7=   0 BEQ %R1, %R0, 7
  DEBUG	machine:exec_program	IP=  5 ADDR=  0 MEM=     7 R0=   0 R1=  32 R2=   0 R3=   0 R4=   0 R5=   0 R6=   0 R7=   0 OUT %R1
  DEBUG	machine:signal_output	sent to output: 32 (' ')
  DEBUG	machine:exec_program	IP=  6 ADDR=  0 MEM=     7 R0=   0 R1=  32 R2=   0 R3=   0 R4=   0 R5=   0 R6=   0 R7=   0 BEQ %R0, %R0, 3
  DEBUG	machine:exec_program	IP=  3 ADDR=  0 MEM=     7 R0=   0 R1=  32 R2=   0 R3=   0 R4=   0 R5=   0 R6=   0 R7=   0 IN %R1
  DEBUG	machine:exec_program	IP=  4 ADDR=  0 MEM=     7 R0=   0 R1=  73 R2=   0 R3=   0 R4=   0 R5=   0 R6=   0 R7=   0 BEQ %R1, %R0, 7
  DEBUG	machine:exec_program	IP=  5 ADDR=  0 MEM=     7 R0=   0 R1=  73 R2=   0 R3=   0 R4=   0 R5=   0 R6=   0 R7=   0 OUT %R1
  DEBUG	machine:signal_output	sent to output: 73 ('I')
  DEBUG	machine:exec_program	IP=  6 ADDR=  0 MEM=     7 R0=   0 R1=  73 R2=   0 R3=   0 R4=   0 R5=   0 R6=   0 R7=   0 BEQ %R0, %R0, 3
  DEBUG	machine:exec_program	IP=  3 ADDR=  0 MEM=     7 R0=   0 R1=  73 R2=   0 R3=   0 R4=   0 R5=   0 R6=   0 R7=   0 IN %R1
  DEBUG	machine:exec_program	IP=  4 ADDR=  0 MEM=     7 R0=   0 R1=  63 R2=   0 R3=   0 R4=   0 R5=   0 R6=   0 R7=   0 BEQ %R1, %R0, 7
  DEBUG	machine:exec_program	IP=  5 ADDR=  0 MEM=     7 R0=   0 R1=  63 R2=   0 R3=   0 R4=   0 R5=   0 R6=   0 R7=   0 OUT %R1
  DEBUG	machine:signal_output	sent to output: 63 ('?')
  DEBUG	machine:exec_program	IP=  6 ADDR=  0 MEM=     7 R0=   0 R1=  63 R2=   0 R3=   0 R4=   0 R5=   0 R6=   0 R7=   0 BEQ %R0, %R0, 3
  DEBUG	machine:exec_program	IP=  3 ADDR=  0 MEM=     7 R0=   0 R1=  63 R2=   0 R3=   0 R4=   0 R5=   0 R6=   0 R7=   0 IN %R1
  DEBUG	machine:exec_program	IP=  4 ADDR=  0 MEM=     7 R0=   0 R1=   0 R2=   0 R3=   0 R4=   0 R5=   0 R6=   0 R7=   0 BEQ %R1, %R0, 7
  DEBUG	machine:exec_program	IP=  7 ADDR=  0 MEM=     7 R0=   0 R1=   0 R2=   0 R3=   0 R4=   0 R5=   0 R6=   0 R7=   0 HLT
  INFO	machine:exec_program	49 instructions executed
  INFO	machine:exec_program	Output: where am I?